// Vitest Snapshot v1, https://vitest.dev/guide/snapshot.html

exports[`MDX suite > renders MDX 1`] = `
"<div><h1>Hello World Test asdf</h1></div>
<!--start map--><div>## apples asdf</div><div>## oranges asdf</div><div>## bananas asdf</div><!--end map-->
<button>Test</button>
<div><p>Testing Nested</p><p>Testing Nested 2</p></div>
<p>Label:</p>
<input>
<p>Para text</p>
<pre><code class=\\"hljs language-javascript\\"><span class=\\"hljs-comment\\">// testing highlight</span>
<span class=\\"hljs-keyword\\">function</span> <span class=\\"hljs-title function_\\">test</span>(<span class=\\"hljs-params\\"></span>) {
  <span class=\\"hljs-variable language_\\">console</span>.<span class=\\"hljs-title function_\\">log</span>(<span class=\\"hljs-string\\">\\"hello world!\\"</span>);
}
</code></pre><!--signal-->"
`;
